// Jest Snapshot v1, https://goo.gl/fbAQLP

exports[`ParkingApp component2 handles form submission 1`] = `[MockFunction]`;
